[package]
name = "golden"
version = "0.1.0"
edition = "2024"
authors = ["ClÃ©ment Michaud"]
description = "Create a datadir available during the test to dump golden files."
license = "MIT"

[dependencies]
serde = "1.0"
serde_json = "1.0"
